###############################################################################
#                                                                             #
#     IAR Assembler V9.10.2.313/W64 for ARM 26/Jun/2021  18:32:34             #
#     Copyright 1999-2021 IAR Systems AB.                                     #
#                                                                             #
#           Source file   =  D:\DocumentosHD\UTFPR\Engenharia\Micro\Labs\TM4C1294_SM_IAR9-main\TM4C1294_SM_IAR9-main\Projects\asm_example\src\asm.s#
#           List file     =  D:\DocumentosHD\UTFPR\Engenharia\Micro\Labs\TM4C1294_SM_IAR9-main\TM4C1294_SM_IAR9-main\Projects\asm_example\Debug\List\asm.lst#
#           Object file   =  D:\DocumentosHD\UTFPR\Engenharia\Micro\Labs\TM4C1294_SM_IAR9-main\TM4C1294_SM_IAR9-main\Projects\asm_example\Debug\Obj\asm.o#
#           Command line  =  -f                                               #
#                            D:\DocumentosHD\UTFPR\Engenharia\Micro\Labs\TM4C1294_SM_IAR9-main\TM4C1294_SM_IAR9-main\Projects\asm_example\Debug\Obj\asm.o.rsp #
#                            (D:\DocumentosHD\UTFPR\Engenharia\Micro\Labs\TM4C1294_SM_IAR9-main\TM4C1294_SM_IAR9-main\Projects\asm_example\src\asm.s #
#                            -OD:\DocumentosHD\UTFPR\Engenharia\Micro\Labs\TM4C1294_SM_IAR9-main\TM4C1294_SM_IAR9-main\Projects\asm_example\Debug\Obj\ #
#                            -s+ -M<> -w+ -r                                  #
#                            -LD:\DocumentosHD\UTFPR\Engenharia\Micro\Labs\TM4C1294_SM_IAR9-main\TM4C1294_SM_IAR9-main\Projects\asm_example\Debug\List\ #
#                            -t8 --cpu Cortex-M4 --fpu None)                  #
#                                                                             #
###############################################################################

    1                                   PUBLIC  __iar_program_start
    2                                   PUBLIC  __vector_table
    3                           
    4                                   SECTION .text:CODE:REORDER(1)
    5                                   
    6                                   ;; Keep vector table even if it's not
                                 referenced
    7                                   REQUIRE __vector_table
    8                                   
    9                                   THUMB
   10                                   
   11                           __iar_program_start
   12                                   
   13                                   ;; main program begins here
   14    00000000 4FF00100      main    MOV R0, #0x01           ; r0 :=
                                                                 0x01
   15    00000004 00F10300      loop    ADD R0, R0, #0x03       ; r0 := r0 +
                                                                 0x03
   16    00000008 00F00F00              AND R0, R0, #0x0F       ; r0 := ro &&
                                                                 0x0f (bitwise
                                                                 and)
   17    0000000C FAE7                  B       loop            ; go to
                                                                 loop
   18                                   ;; main program ends here
   19                           
   20                                   ;; Forward declaration of sections.
   21                                   SECTION CSTACK:DATA:NOROOT(3)
   22                                   SECTION .intvec:CODE:NOROOT(2)
   23                                   
   24                                   DATA
   25                           
   26                           __vector_table
   27    00000000 ........              DCD     sfe(CSTACK)
   28    00000004 ........              DCD     __iar_program_start
   29                           
   30    00000008 ........              DCD     NMI_Handler
   31    0000000C ........              DCD     HardFault_Handler
   32    00000010 ........              DCD     MemManage_Handler
   33    00000014 ........              DCD     BusFault_Handler
   34    00000018 ........              DCD     UsageFault_Handler
   35    0000001C 00000000              DCD     0
   36    00000020 00000000              DCD     0
   37    00000024 00000000              DCD     0
   38    00000028 00000000              DCD     0
   39    0000002C ........              DCD     SVC_Handler
   40    00000030 ........              DCD     DebugMon_Handler
   41    00000034 00000000              DCD     0
   42    00000038 ........              DCD     PendSV_Handler
   43    0000003C ........              DCD     SysTick_Handler
   44                           
   45                           ;;;;;;;;;;;;;;;;;;;;;;;;;;;;;;;;;;;;;;;;;;;;;;
                                ;;;;;;
   46                           ;;
   47                           ;; Default interrupt handlers.
   48                           ;;
   49                           
   50                                   PUBWEAK NMI_Handler
   51                                   PUBWEAK HardFault_Handler
   52                                   PUBWEAK MemManage_Handler
   53                                   PUBWEAK BusFault_Handler
   54                                   PUBWEAK UsageFault_Handler
   55                                   PUBWEAK SVC_Handler
   56                                   PUBWEAK DebugMon_Handler
   57                                   PUBWEAK PendSV_Handler
   58                                   PUBWEAK SysTick_Handler
   59                           
   60                                   SECTION .text:CODE:REORDER:NOROOT(1)
   61                                   THUMB
   62                           
   63                           NMI_Handler
   64                           HardFault_Handler
   65                           MemManage_Handler
   66                           BusFault_Handler
   67                           UsageFault_Handler
   68                           SVC_Handler
   69                           DebugMon_Handler
   70                           PendSV_Handler
   71                           SysTick_Handler
   72                           Default_Handler
   73                           __default_handler
   74                                   CALL_GRAPH_ROOT __default_handler,
                                 "interrupt"
   75                                   NOCALL __default_handler
   76    00000000 FEE7                  B __default_handler
   77                           
   78                                   END
##############################
#           CRC:0            #
#        Errors:   0         #
#        Warnings: 0         #
#         Bytes: 80          #
##############################



