###############################################################################
#
# IAR ELF Linker V9.10.2.313/W64 for ARM                  26/Jun/2021  18:32:35
# Copyright 2007-2021 IAR Systems AB.
#
#    Output file  =
#        D:\DocumentosHD\UTFPR\Engenharia\Micro\Labs\TM4C1294_SM_IAR9-main\TM4C1294_SM_IAR9-main\Projects\asm_example\Debug\Exe\asm_example.out
#    Map file     =
#        D:\DocumentosHD\UTFPR\Engenharia\Micro\Labs\TM4C1294_SM_IAR9-main\TM4C1294_SM_IAR9-main\Projects\asm_example\Debug\List\asm_example.map
#    Command line =
#        -f
#        D:\DocumentosHD\UTFPR\Engenharia\Micro\Labs\TM4C1294_SM_IAR9-main\TM4C1294_SM_IAR9-main\Projects\asm_example\Debug\Exe\asm_example.out.rsp
#        (D:\DocumentosHD\UTFPR\Engenharia\Micro\Labs\TM4C1294_SM_IAR9-main\TM4C1294_SM_IAR9-main\Projects\asm_example\Debug\Obj\asm.o
#        --no_out_extension -o
#        D:\DocumentosHD\UTFPR\Engenharia\Micro\Labs\TM4C1294_SM_IAR9-main\TM4C1294_SM_IAR9-main\Projects\asm_example\Debug\Exe\asm_example.out
#        --redirect _Printf=_PrintfFullNoMb --redirect _Scanf=_ScanfFullNoMb
#        --map
#        D:\DocumentosHD\UTFPR\Engenharia\Micro\Labs\TM4C1294_SM_IAR9-main\TM4C1294_SM_IAR9-main\Projects\asm_example\Debug\List\asm_example.map
#        --config "C:\Program Files\IAR Systems\Embedded Workbench
#        9.0\arm\CONFIG\generic_cortex.icf" --semihosting --entry
#        __iar_program_start --no_exceptions --no_vfe --text_out locale)
#
###############################################################################

*******************************************************************************
*** HEAP SELECTION
***

The basic heap was selected because no calls to memory allocation
functions were found in the application outside of system library
functions.


*******************************************************************************
*** PLACEMENT SUMMARY
***

"A0":  place at address 0x0 { ro section .intvec };
"P1":  place in [from 0x0 to 0x7'ffff] { ro };
define block CSTACK with size = 1K, alignment = 8 { };
define block PROC_STACK with size = 0, alignment = 8 { };
define block HEAP with size = 2K, alignment = 8 { };
"P2":  place in [from 0x2000'0000 to 0x2000'ffff] {
          rw, block CSTACK, block PROC_STACK, block HEAP };

No sections matched the following patterns:

  rw  in "P2"


  Section   Kind         Address   Size  Object
  -------   ----         -------   ----  ------
"A0":                              0x40
  .intvec   ro code          0x0   0x40  asm.o [1]
                          - 0x40   0x40

"P1":                              0x10
  .text     ro code         0x40    0xe  asm.o [1]
  .text     ro code         0x4e    0x2  asm.o [1]
                          - 0x50   0x10

"P2":                             0x400
  CSTACK             0x2000'0000  0x400  <Block>
    CSTACK  uninit   0x2000'0000  0x400  <Block tail>
                   - 0x2000'0400  0x400

Unused ranges:

         From           To      Size
         ----           --      ----
         0x50     0x7'ffff  0x7'ffb0
  0x2000'0400  0x2000'ffff    0xfc00



*******************************************************************************
*** MODULE SUMMARY
***

    Module          ro code  rw data
    ------          -------  -------
command line/config:
    --------------------------------
    Total:

D:\DocumentosHD\UTFPR\Engenharia\Micro\Labs\TM4C1294_SM_IAR9-main\TM4C1294_SM_IAR9-main\Projects\asm_example\Debug\Obj: [1]
    asm.o                80
    --------------------------------
    Total:               80

    Linker created             1'024
------------------------------------
    Grand Total:         80    1'024


*******************************************************************************
*** ENTRY LIST
***

Entry                    Address  Size  Type      Object
-----                    -------  ----  ----      ------
CSTACK$$Base         0x2000'0000         --   Gb  - Linker created -
CSTACK$$Limit        0x2000'0400         --   Gb  - Linker created -
__iar_program_start         0x41        Code  Gb  asm.o [1]
__vector_table               0x0        Data  Gb  asm.o [1]


[1] = D:\DocumentosHD\UTFPR\Engenharia\Micro\Labs\TM4C1294_SM_IAR9-main\TM4C1294_SM_IAR9-main\Projects\asm_example\Debug\Obj

     80 bytes of readonly  code memory
  1'024 bytes of readwrite data memory

Errors: none
Warnings: none
